<html>
<body>
<pre>
<h1>�Vision Build Log</h1>
<h2>Tool Versions:</h2>
IDE-Version: ��Vision V5.40.0.0
Copyright (C) 2024 ARM Ltd and ARM Germany GmbH. All rights reserved.
License Information: A Jiangmingyu, A, LIC=76F5U-SY7GQ-QDPKD-87RXQ-WVZYQ-UT10N
 
Tool Versions:
Toolchain:       MDK-ARM Plus  Version: 5.40.0.3
Toolchain Path:  D:\Keil5\ARM\ARMCC\Bin
C Compiler:      Armcc.exe V5.06 update 7 (build 960)
Assembler:       Armasm.exe V5.06 update 7 (build 960)
Linker/Locator:  ArmLink.exe V5.06 update 7 (build 960)
Library Manager: ArmAr.exe V5.06 update 7 (build 960)
Hex Converter:   FromElf.exe V5.06 update 7 (build 960)
CPU DLL:         SARMCM3.DLL V5.40.0.3
Dialog DLL:      DCM.DLL V1.17.5.0
Target DLL:      STLink\ST-LINKIII-KEIL_SWO.dll V3.3.0.0
Dialog DLL:      TCM.DLL V1.56.4.0
 
<h2>Project:</h2>
C:\Users\Jiangmingyu\Desktop\project_for_embeded_system\edition1\edition1.uvprojx
Project File Date:  10/16/2024

<h2>Output:</h2>
*** Using Compiler 'V5.06 update 7 (build 960)', folder: 'D:\Keil5\ARM\ARMCC\Bin'
Rebuild target 'Target 1'
compiling stm32f10x_crc.c...
compiling system_stm32f10x.c...
assembling startup_stm32f10x_md.s...
compiling stm32f10x_bkp.c...
compiling misc.c...
compiling stm32f10x_dbgmcu.c...
compiling stm32f10x_cec.c...
compiling stm32f10x_dma.c...
compiling stm32f10x_dac.c...
compiling stm32f10x_exti.c...
compiling stm32f10x_adc.c...
compiling stm32f10x_can.c...
compiling core_cm3.c...
compiling stm32f10x_flash.c...
compiling stm32f10x_fsmc.c...
compiling stm32f10x_gpio.c...
compiling stm32f10x_i2c.c...
compiling stm32f10x_iwdg.c...
compiling stm32f10x_usart.c...
compiling stm32f10x_rtc.c...
compiling stm32f10x_pwr.c...
compiling stm32f10x_sdio.c...
compiling stm32f10x_spi.c...
compiling stm32f10x_rcc.c...
compiling stm32f10x_tim.c...
compiling stm32f10x_wwdg.c...
compiling Delay.c...
compiling usart.c...
System\usart.c(44): warning:  #260-D: explicit type is missing ("int" assumed)
  _sys_exit(int x) 
System\usart.c: 1 warning, 0 errors
compiling led.c...
compiling mpu6050.c...
compiling mpuiic.c...
compiling inv_mpu.c...
compiling inv_mpu_dmp_motion_driver.c...
compiling button.c...
compiling Serial.c...
Hardware\Serial.c(54): warning:  #223-D: function "Serial_SendByte" declared implicitly
  		Serial_SendByte(Array[i]);		//依次调用Serial_SendByte发送每个字节数�?
Hardware\Serial.c(85): warning:  #223-D: function "Serial_SendByte" declared implicitly
  		Serial_SendByte(Number / Serial_Pow(10, Length - i - 1) % 10 + '0');	//依次调用Serial_SendByte发送每位数�?
Hardware\Serial.c(96): warning:  #223-D: function "Serial_SendByte" declared implicitly
  	Serial_SendByte(ch);			//将printf的底层重定向到自己的发送字节函�?
Hardware\Serial.c(113): warning:  #223-D: function "Serial_SendString" declared implicitly
  	Serial_SendString(String);		//串口发送字符数组（字符串）
Hardware\Serial.c: 4 warnings, 0 errors
compiling key.c...
compiling sys.c...
compiling OLED.c...
compiling main.c...
User\main.c(71): warning:  #177-D: variable "String"  was declared but never referenced
  	char String[100]; 
User\main.c(72): warning:  #177-D: variable "myFloat"  was declared but never referenced
  	float myFloat = pitch;             // 定义浮点�?
User\main.c(15): warning:  #177-D: variable "vx"  was declared but never referenced
      short vx, vy, vz, ax, ay, az;  // 定义用于存储加速度和角速度的变�?
User\main.c(15): warning:  #177-D: variable "vy"  was declared but never referenced
      short vx, vy, vz, ax, ay, az;  // 定义用于存储加速度和角速度的变�?
User\main.c(15): warning:  #177-D: variable "vz"  was declared but never referenced
      short vx, vy, vz, ax, ay, az;  // 定义用于存储加速度和角速度的变�?
User\main.c(15): warning:  #177-D: variable "ax"  was declared but never referenced
      short vx, vy, vz, ax, ay, az;  // 定义用于存储加速度和角速度的变�?
User\main.c(15): warning:  #177-D: variable "ay"  was declared but never referenced
      short vx, vy, vz, ax, ay, az;  // 定义用于存储加速度和角速度的变�?
User\main.c(15): warning:  #177-D: variable "az"  was declared but never referenced
      short vx, vy, vz, ax, ay, az;  // 定义用于存储加速度和角速度的变�?
User\main.c(17): warning:  #177-D: variable "ax_str"  was declared but never referenced
      char ax_str[20], ay_str[20], az_str[20];  // 存储加速度的字符串
User\main.c(17): warning:  #177-D: variable "ay_str"  was declared but never referenced
      char ax_str[20], ay_str[20], az_str[20];  // 存储加速度的字符串
User\main.c(17): warning:  #177-D: variable "az_str"  was declared but never referenced
      char ax_str[20], ay_str[20], az_str[20];  // 存储加速度的字符串
User\main.c(18): warning:  #177-D: variable "vx_str"  was declared but never referenced
      char vx_str[20], vy_str[20], vz_str[20];  // 存储角速度的字符串
User\main.c(18): warning:  #177-D: variable "vy_str"  was declared but never referenced
      char vx_str[20], vy_str[20], vz_str[20];  // 存储角速度的字符串
User\main.c(18): warning:  #177-D: variable "vz_str"  was declared but never referenced
      char vx_str[20], vy_str[20], vz_str[20];  // 存储角速度的字符串
User\main.c: 14 warnings, 0 errors
compiling stm32f10x_it.c...
linking...
Program Size: Code=27080 RO-data=5448 RW-data=108 ZI-data=1852  
".\Objects\edition1.axf" - 0 Error(s), 19 Warning(s).

<h2>Software Packages used:</h2>

Package Vendor: Keil
                https://www.keil.com/pack/Keil.STM32F1xx_DFP.2.4.1.pack
                Keil::STM32F1xx_DFP@2.4.1
                STMicroelectronics STM32F1 Series Device Support, Drivers and Examples

<h2>Collection of Component include folders:</h2>
  D:/Keil5/Keil/STM32F1xx_DFP/2.4.1/Device/Include

<h2>Collection of Component Files used:</h2>
Build Time Elapsed:  00:00:10
</pre>
</body>
</html>
